No PostgreSQL credentials found – falling back to SQLite
>>> APPLYING EARLY PATCH: initialize_ds_components
>>> EARLY PATCH APPLIED: initialize_ds_components will raise exception
============================= test session starts ==============================
platform linux -- Python 3.12.3, pytest-9.0.3, pluggy-1.6.0 -- /usr/bin/python3
cachedir: .pytest_cache
hypothesis profile 'default'
rootdir: /home/aakashr/Documents/github-aakash/MentalHealthDataScience
plugins: asyncio-1.3.0, mock-3.15.1, hypothesis-6.152.4, cov-7.1.0, anyio-4.13.0
asyncio: mode=Mode.STRICT, debug=False, asyncio_default_fixture_loop_scope=None, asyncio_default_test_loop_scope=function
collecting ... collected 1 item

tests/test_api_endpoints.py::TestScreen::test_screen_missing_consent Initializing API components...
Loaded registry index with 0 models
ModelRegistry initialized at models/registry
InferenceEngine initialized with device: cpu
EnsemblePredictor initialized with alert threshold: 75.0
InterpretabilityEngine initialized
Loaded VADER sentiment analyzer
{"cache_ttl_seconds": 300, "event": "consent_verifier_initialized", "logger": "src.governance.consent", "level": "info", "environment": "development", "service": "mhras", "timestamp": "2026-05-09T04:16:24.592748Z"}
{"message": "Using default salt - change in production!", "event": "anonymization_using_default_salt", "logger": "src.governance.anonymization", "level": "warning", "environment": "development", "service": "mhras", "timestamp": "2026-05-09T04:16:24.593069Z"}
{"event": "anonymizer_initialized", "logger": "src.governance.anonymization", "level": "info", "environment": "development", "service": "mhras", "timestamp": "2026-05-09T04:16:24.593338Z"}
RecommendationEngine initialized
{"event": "AuditLogger initialized with log path: logs/audit.jsonl", "logger": "src.governance.audit_logger", "level": "info", "environment": "development", "service": "mhras", "timestamp": "2026-05-09T04:16:24.593634Z"}
{"event": "HumanReviewQueue initialized with 0 cases, escalation_threshold=4h", "logger": "src.governance.human_review_queue", "level": "info", "environment": "development", "service": "mhras", "timestamp": "2026-05-09T04:16:24.593787Z"}
{"event": "DriftMonitor initialized with feature_threshold=0.3, prediction_threshold=0.2", "logger": "src.governance.drift_monitor", "level": "info", "environment": "development", "service": "mhras", "timestamp": "2026-05-09T04:16:24.593891Z"}
API components initialized successfully
Starting MHRAS API...
Initializing database tables …
Database tables ready
No database connection provided - repositories not initialized
Loaded registry index with 0 models
ModelRegistry initialized at models/registry
InferenceEngine initialized with device: cpu
EnsemblePredictor initialized with alert threshold: 75.0
InterpretabilityEngine initialized
ML components initialized
Loaded VADER sentiment analyzer
{"message": "Using default salt - change in production!", "event": "anonymization_using_default_salt", "logger": "src.governance.anonymization", "level": "warning", "environment": "development", "service": "mhras", "timestamp": "2026-05-09T04:16:24.614212Z"}
{"event": "anonymizer_initialized", "logger": "src.governance.anonymization", "level": "info", "environment": "development", "service": "mhras", "timestamp": "2026-05-09T04:16:24.614403Z"}
Processing components initialized
{"cache_ttl_seconds": 300, "event": "consent_verifier_initialized", "logger": "src.governance.consent", "level": "info", "environment": "development", "service": "mhras", "timestamp": "2026-05-09T04:16:24.614553Z"}
{"event": "AuditLogger initialized with log path: logs/audit.jsonl", "logger": "src.governance.audit_logger", "level": "info", "environment": "development", "service": "mhras", "timestamp": "2026-05-09T04:16:24.614679Z"}
{"event": "HumanReviewQueue initialized with 0 cases, escalation_threshold=4h", "logger": "src.governance.human_review_queue", "level": "info", "environment": "development", "service": "mhras", "timestamp": "2026-05-09T04:16:24.614810Z"}
{"event": "DriftMonitor initialized with feature_threshold=0.3, prediction_threshold=0.2", "logger": "src.governance.drift_monitor", "level": "info", "environment": "development", "service": "mhras", "timestamp": "2026-05-09T04:16:24.614885Z"}
Governance components initialized
RecommendationEngine initialized
Recommendation engine initialized
{"event": "Initializing ScreeningService", "logger": "src.screening_service", "level": "info", "environment": "development", "service": "mhras", "timestamp": "2026-05-09T04:16:24.615166Z"}
{"cache_ttl_seconds": 300, "event": "consent_verifier_initialized", "logger": "src.governance.consent", "level": "info", "environment": "development", "service": "mhras", "timestamp": "2026-05-09T04:16:24.623702Z"}
{"message": "Using default salt - change in production!", "event": "anonymization_using_default_salt", "logger": "src.governance.anonymization", "level": "warning", "environment": "development", "service": "mhras", "timestamp": "2026-05-09T04:16:24.623863Z"}
{"event": "anonymizer_initialized", "logger": "src.governance.anonymization", "level": "info", "environment": "development", "service": "mhras", "timestamp": "2026-05-09T04:16:24.623932Z"}
Loaded VADER sentiment analyzer
InferenceEngine initialized with device: cpu
EnsemblePredictor initialized with alert threshold: 75.0
InterpretabilityEngine initialized
RecommendationEngine initialized
{"event": "AuditLogger initialized with log path: logs/audit.jsonl", "logger": "src.governance.audit_logger", "level": "info", "environment": "development", "service": "mhras", "timestamp": "2026-05-09T04:16:24.632565Z"}
{"event": "HumanReviewQueue initialized with 0 cases, escalation_threshold=4h", "logger": "src.governance.human_review_queue", "level": "info", "environment": "development", "service": "mhras", "timestamp": "2026-05-09T04:16:24.632698Z"}
{"alert_threshold": 75.0, "human_review_threshold": 75.0, "event": "ScreeningService initialized", "logger": "src.screening_service", "level": "info", "environment": "development", "service": "mhras", "timestamp": "2026-05-09T04:16:24.632767Z"}
Screening service initialized
MHRAS Integration initialized successfully
Initializing data science API components...
Failed to initialize connection pool: connection to server at "localhost" (127.0.0.1), port 5432 failed: Connection refused
	Is the server running on that host and accepting TCP/IP connections?

Failed to initialize data science components: connection to server at "localhost" (127.0.0.1), port 5432 failed: Connection refused
	Is the server running on that host and accepting TCP/IP connections?

Failed to initialize data science components: connection to server at "localhost" (127.0.0.1), port 5432 failed: Connection refused
	Is the server running on that host and accepting TCP/IP connections?

Found 0 active models
System health check: healthy
API documentation available at /docs
Initializing API components...
Loaded registry index with 0 models
ModelRegistry initialized at models/registry
InferenceEngine initialized with device: cpu
EnsemblePredictor initialized with alert threshold: 75.0
InterpretabilityEngine initialized
Loaded VADER sentiment analyzer
{"cache_ttl_seconds": 300, "event": "consent_verifier_initialized", "logger": "src.governance.consent", "level": "info", "environment": "development", "service": "mhras", "timestamp": "2026-05-09T04:16:24.651733Z"}
{"message": "Using default salt - change in production!", "event": "anonymization_using_default_salt", "logger": "src.governance.anonymization", "level": "warning", "environment": "development", "service": "mhras", "timestamp": "2026-05-09T04:16:24.652118Z"}
{"event": "anonymizer_initialized", "logger": "src.governance.anonymization", "level": "info", "environment": "development", "service": "mhras", "timestamp": "2026-05-09T04:16:24.652228Z"}
RecommendationEngine initialized
{"event": "AuditLogger initialized with log path: logs/audit.jsonl", "logger": "src.governance.audit_logger", "level": "info", "environment": "development", "service": "mhras", "timestamp": "2026-05-09T04:16:24.652566Z"}
{"event": "HumanReviewQueue initialized with 0 cases, escalation_threshold=4h", "logger": "src.governance.human_review_queue", "level": "info", "environment": "development", "service": "mhras", "timestamp": "2026-05-09T04:16:24.652729Z"}
{"event": "DriftMonitor initialized with feature_threshold=0.3, prediction_threshold=0.2", "logger": "src.governance.drift_monitor", "level": "info", "environment": "development", "service": "mhras", "timestamp": "2026-05-09T04:16:24.652883Z"}
API components initialized successfully
Request started
Validation error
Unhandled exception: Object of type datetime is not JSON serializable
Traceback (most recent call last):
  File "/home/aakashr/.local/lib/python3.12/site-packages/starlette/_exception_handler.py", line 42, in wrapped_app
    await app(scope, receive, sender)
  File "/home/aakashr/.local/lib/python3.12/site-packages/fastapi/routing.py", line 120, in app
    response = await f(request)
               ^^^^^^^^^^^^^^^^
  File "/home/aakashr/.local/lib/python3.12/site-packages/fastapi/routing.py", line 723, in app
    raise validation_error
fastapi.exceptions.RequestValidationError: 1 validation error:
  {'type': 'value_error', 'loc': ('body', 'consent_verified'), 'msg': 'Value error, consent_verified must be True to process data', 'input': False, 'ctx': {'error': ValueError('consent_verified must be True to process data')}}

  File "/home/aakashr/Documents/github-aakash/MentalHealthDataScience/src/api/endpoints.py", line 143, in screen_individual
    POST /screen

The above exception was the direct cause of the following exception:

Traceback (most recent call last):
  File "/home/aakashr/Documents/github-aakash/MentalHealthDataScience/src/api/middleware.py", line 186, in dispatch
    response = await call_next(request)
               ^^^^^^^^^^^^^^^^^^^^^^^^
  File "/home/aakashr/.local/lib/python3.12/site-packages/starlette/middleware/base.py", line 168, in call_next
    raise app_exc from app_exc.__cause__ or app_exc.__context__
  File "/home/aakashr/.local/lib/python3.12/site-packages/starlette/middleware/base.py", line 144, in coro
    await self.app(scope, receive_or_disconnect, send_no_error)
  File "/home/aakashr/.local/lib/python3.12/site-packages/starlette/middleware/base.py", line 191, in __call__
    with recv_stream, send_stream, collapse_excgroups():
  File "/usr/lib/python3.12/contextlib.py", line 158, in __exit__
    self.gen.throw(value)
  File "/home/aakashr/.local/lib/python3.12/site-packages/starlette/_utils.py", line 87, in collapse_excgroups
    raise exc
  File "/home/aakashr/.local/lib/python3.12/site-packages/starlette/middleware/base.py", line 193, in __call__
    response = await self.dispatch_func(request, call_next)
               ^^^^^^^^^^^^^^^^^^^^^^^^^^^^^^^^^^^^^^^^^^^^
  File "/home/aakashr/Documents/github-aakash/MentalHealthDataScience/src/api/middleware.py", line 355, in dispatch
    response = await asyncio.wait_for(
               ^^^^^^^^^^^^^^^^^^^^^^^
  File "/usr/lib/python3.12/asyncio/tasks.py", line 520, in wait_for
    return await fut
           ^^^^^^^^^
  File "/home/aakashr/.local/lib/python3.12/site-packages/starlette/middleware/base.py", line 168, in call_next
    raise app_exc from app_exc.__cause__ or app_exc.__context__
  File "/home/aakashr/.local/lib/python3.12/site-packages/starlette/middleware/base.py", line 144, in coro
    await self.app(scope, receive_or_disconnect, send_no_error)
  File "/home/aakashr/.local/lib/python3.12/site-packages/starlette/middleware/cors.py", line 88, in __call__
    await self.app(scope, receive, send)
  File "/home/aakashr/.local/lib/python3.12/site-packages/starlette/middleware/exceptions.py", line 63, in __call__
    await wrap_app_handling_exceptions(self.app, conn)(scope, receive, send)
  File "/home/aakashr/.local/lib/python3.12/site-packages/starlette/_exception_handler.py", line 53, in wrapped_app
    raise exc
  File "/home/aakashr/.local/lib/python3.12/site-packages/starlette/_exception_handler.py", line 42, in wrapped_app
    await app(scope, receive, sender)
  File "/home/aakashr/.local/lib/python3.12/site-packages/fastapi/middleware/asyncexitstack.py", line 18, in __call__
    await self.app(scope, receive, send)
  File "/home/aakashr/.local/lib/python3.12/site-packages/starlette/routing.py", line 660, in __call__
    await self.middleware_stack(scope, receive, send)
  File "/home/aakashr/.local/lib/python3.12/site-packages/starlette/routing.py", line 680, in app
    await route.handle(scope, receive, send)
  File "/home/aakashr/.local/lib/python3.12/site-packages/starlette/routing.py", line 276, in handle
    await self.app(scope, receive, send)
  File "/home/aakashr/.local/lib/python3.12/site-packages/fastapi/routing.py", line 134, in app
    await wrap_app_handling_exceptions(app, request)(scope, receive, send)
  File "/home/aakashr/.local/lib/python3.12/site-packages/starlette/_exception_handler.py", line 59, in wrapped_app
    response = await handler(conn, exc)
               ^^^^^^^^^^^^^^^^^^^^^^^^
  File "/home/aakashr/Documents/github-aakash/MentalHealthDataScience/src/api/app.py", line 143, in validation_exception_handler
    return JSONResponse(
           ^^^^^^^^^^^^^
  File "/home/aakashr/.local/lib/python3.12/site-packages/starlette/responses.py", line 192, in __init__
    super().__init__(content, status_code, headers, media_type, background)
  File "/home/aakashr/.local/lib/python3.12/site-packages/starlette/responses.py", line 45, in __init__
    self.body = self.render(content)
                ^^^^^^^^^^^^^^^^^^^^
  File "/home/aakashr/.local/lib/python3.12/site-packages/starlette/responses.py", line 195, in render
    return json.dumps(
           ^^^^^^^^^^^
  File "/usr/lib/python3.12/json/__init__.py", line 238, in dumps
    **kw).encode(obj)
          ^^^^^^^^^^^
  File "/usr/lib/python3.12/json/encoder.py", line 200, in encode
    chunks = self.iterencode(o, _one_shot=True)
             ^^^^^^^^^^^^^^^^^^^^^^^^^^^^^^^^^^
  File "/usr/lib/python3.12/json/encoder.py", line 258, in iterencode
    return _iterencode(o, 0)
           ^^^^^^^^^^^^^^^^^
  File "/usr/lib/python3.12/json/encoder.py", line 180, in default
    raise TypeError(f'Object of type {o.__class__.__name__} '
TypeError: Object of type datetime is not JSON serializable
Request failed
  + Exception Group Traceback (most recent call last):
  |   File "/home/aakashr/.local/lib/python3.12/site-packages/starlette/_utils.py", line 81, in collapse_excgroups
  |     yield
  |   File "/home/aakashr/.local/lib/python3.12/site-packages/starlette/middleware/base.py", line 192, in __call__
  |     async with anyio.create_task_group() as task_group:
  |   File "/home/aakashr/.local/lib/python3.12/site-packages/anyio/_backends/_asyncio.py", line 799, in __aexit__
  |     raise BaseExceptionGroup(
  | ExceptionGroup: unhandled errors in a TaskGroup (1 sub-exception)
  +-+---------------- 1 ----------------
    | Traceback (most recent call last):
    |   File "/home/aakashr/Documents/github-aakash/MentalHealthDataScience/src/api/middleware.py", line 82, in dispatch
    |     response = await call_next(request)
    |                ^^^^^^^^^^^^^^^^^^^^^^^^
    |   File "/home/aakashr/.local/lib/python3.12/site-packages/starlette/middleware/base.py", line 168, in call_next
    |     raise app_exc from app_exc.__cause__ or app_exc.__context__
    |   File "/home/aakashr/.local/lib/python3.12/site-packages/starlette/middleware/base.py", line 144, in coro
    |     await self.app(scope, receive_or_disconnect, send_no_error)
    |   File "/home/aakashr/.local/lib/python3.12/site-packages/starlette/middleware/base.py", line 191, in __call__
    |     with recv_stream, send_stream, collapse_excgroups():
    |   File "/usr/lib/python3.12/contextlib.py", line 158, in __exit__
    |     self.gen.throw(value)
    |   File "/home/aakashr/.local/lib/python3.12/site-packages/starlette/_utils.py", line 87, in collapse_excgroups
    |     raise exc
    |   File "/home/aakashr/.local/lib/python3.12/site-packages/starlette/middleware/base.py", line 193, in __call__
    |     response = await self.dispatch_func(request, call_next)
    |                ^^^^^^^^^^^^^^^^^^^^^^^^^^^^^^^^^^^^^^^^^^^^
    |   File "/home/aakashr/Documents/github-aakash/MentalHealthDataScience/src/api/middleware.py", line 158, in dispatch
    |     response = await call_next(request)
    |                ^^^^^^^^^^^^^^^^^^^^^^^^
    |   File "/home/aakashr/.local/lib/python3.12/site-packages/starlette/middleware/base.py", line 168, in call_next
    |     raise app_exc from app_exc.__cause__ or app_exc.__context__
    |   File "/home/aakashr/.local/lib/python3.12/site-packages/starlette/middleware/base.py", line 144, in coro
    |     await self.app(scope, receive_or_disconnect, send_no_error)
    |   File "/home/aakashr/.local/lib/python3.12/site-packages/starlette/middleware/base.py", line 191, in __call__
    |     with recv_stream, send_stream, collapse_excgroups():
    |   File "/usr/lib/python3.12/contextlib.py", line 158, in __exit__
    |     self.gen.throw(value)
    |   File "/home/aakashr/.local/lib/python3.12/site-packages/starlette/_utils.py", line 87, in collapse_excgroups
    |     raise exc
    |   File "/home/aakashr/.local/lib/python3.12/site-packages/starlette/middleware/base.py", line 193, in __call__
    |     response = await self.dispatch_func(request, call_next)
    |                ^^^^^^^^^^^^^^^^^^^^^^^^^^^^^^^^^^^^^^^^^^^^
    |   File "/home/aakashr/Documents/github-aakash/MentalHealthDataScience/src/api/middleware.py", line 256, in dispatch
    |     return self._create_error_response(
    |            ^^^^^^^^^^^^^^^^^^^^^^^^^^^^
    |   File "/home/aakashr/Documents/github-aakash/MentalHealthDataScience/src/api/middleware.py", line 292, in _create_error_response
    |     logger.error(
    |   File "/usr/lib/python3.12/logging/__init__.py", line 1568, in error
    |     self._log(ERROR, msg, args, **kwargs)
    |   File "/usr/lib/python3.12/logging/__init__.py", line 1682, in _log
    |     record = self.makeRecord(self.name, level, fn, lno, msg, args,
    |              ^^^^^^^^^^^^^^^^^^^^^^^^^^^^^^^^^^^^^^^^^^^^^^^^^^^^^
    |   File "/usr/lib/python3.12/logging/__init__.py", line 1656, in makeRecord
    |     raise KeyError("Attempt to overwrite %r in LogRecord" % key)
    | KeyError: "Attempt to overwrite 'message' in LogRecord"
    +------------------------------------

The above exception was the direct cause of the following exception:

Traceback (most recent call last):
  File "/home/aakashr/Documents/github-aakash/MentalHealthDataScience/src/api/middleware.py", line 82, in dispatch
    response = await call_next(request)
               ^^^^^^^^^^^^^^^^^^^^^^^^
  File "/home/aakashr/.local/lib/python3.12/site-packages/starlette/middleware/base.py", line 168, in call_next
    raise app_exc from app_exc.__cause__ or app_exc.__context__
  File "/home/aakashr/.local/lib/python3.12/site-packages/starlette/middleware/base.py", line 144, in coro
    await self.app(scope, receive_or_disconnect, send_no_error)
  File "/home/aakashr/.local/lib/python3.12/site-packages/starlette/middleware/base.py", line 191, in __call__
    with recv_stream, send_stream, collapse_excgroups():
  File "/usr/lib/python3.12/contextlib.py", line 158, in __exit__
    self.gen.throw(value)
  File "/home/aakashr/.local/lib/python3.12/site-packages/starlette/_utils.py", line 87, in collapse_excgroups
    raise exc
  File "/home/aakashr/.local/lib/python3.12/site-packages/starlette/middleware/base.py", line 193, in __call__
    response = await self.dispatch_func(request, call_next)
               ^^^^^^^^^^^^^^^^^^^^^^^^^^^^^^^^^^^^^^^^^^^^
  File "/home/aakashr/Documents/github-aakash/MentalHealthDataScience/src/api/middleware.py", line 158, in dispatch
    response = await call_next(request)
               ^^^^^^^^^^^^^^^^^^^^^^^^
  File "/home/aakashr/.local/lib/python3.12/site-packages/starlette/middleware/base.py", line 168, in call_next
    raise app_exc from app_exc.__cause__ or app_exc.__context__
  File "/home/aakashr/.local/lib/python3.12/site-packages/starlette/middleware/base.py", line 144, in coro
    await self.app(scope, receive_or_disconnect, send_no_error)
  File "/home/aakashr/.local/lib/python3.12/site-packages/starlette/middleware/base.py", line 191, in __call__
    with recv_stream, send_stream, collapse_excgroups():
  File "/usr/lib/python3.12/contextlib.py", line 158, in __exit__
    self.gen.throw(value)
  File "/home/aakashr/.local/lib/python3.12/site-packages/starlette/_utils.py", line 87, in collapse_excgroups
    raise exc
  File "/home/aakashr/.local/lib/python3.12/site-packages/starlette/middleware/base.py", line 193, in __call__
    response = await self.dispatch_func(request, call_next)
               ^^^^^^^^^^^^^^^^^^^^^^^^^^^^^^^^^^^^^^^^^^^^
  File "/home/aakashr/Documents/github-aakash/MentalHealthDataScience/src/api/middleware.py", line 256, in dispatch
    return self._create_error_response(
           ^^^^^^^^^^^^^^^^^^^^^^^^^^^^
  File "/home/aakashr/Documents/github-aakash/MentalHealthDataScience/src/api/middleware.py", line 292, in _create_error_response
    logger.error(
  File "/usr/lib/python3.12/logging/__init__.py", line 1568, in error
    self._log(ERROR, msg, args, **kwargs)
  File "/usr/lib/python3.12/logging/__init__.py", line 1682, in _log
    record = self.makeRecord(self.name, level, fn, lno, msg, args,
             ^^^^^^^^^^^^^^^^^^^^^^^^^^^^^^^^^^^^^^^^^^^^^^^^^^^^^
  File "/usr/lib/python3.12/logging/__init__.py", line 1656, in makeRecord
    raise KeyError("Attempt to overwrite %r in LogRecord" % key)
KeyError: "Attempt to overwrite 'message' in LogRecord"
Unhandled exception
  + Exception Group Traceback (most recent call last):
  |   File "/home/aakashr/.local/lib/python3.12/site-packages/starlette/_utils.py", line 81, in collapse_excgroups
  |     yield
  |   File "/home/aakashr/.local/lib/python3.12/site-packages/starlette/middleware/base.py", line 192, in __call__
  |     async with anyio.create_task_group() as task_group:
  |   File "/home/aakashr/.local/lib/python3.12/site-packages/anyio/_backends/_asyncio.py", line 799, in __aexit__
  |     raise BaseExceptionGroup(
  | ExceptionGroup: unhandled errors in a TaskGroup (1 sub-exception)
  +-+---------------- 1 ----------------
    | Traceback (most recent call last):
    |   File "/home/aakashr/.local/lib/python3.12/site-packages/starlette/middleware/errors.py", line 164, in __call__
    |     await self.app(scope, receive, _send)
    |   File "/home/aakashr/.local/lib/python3.12/site-packages/starlette/middleware/base.py", line 191, in __call__
    |     with recv_stream, send_stream, collapse_excgroups():
    |   File "/usr/lib/python3.12/contextlib.py", line 158, in __exit__
    |     self.gen.throw(value)
    |   File "/home/aakashr/.local/lib/python3.12/site-packages/starlette/_utils.py", line 87, in collapse_excgroups
    |     raise exc
    |   File "/home/aakashr/.local/lib/python3.12/site-packages/starlette/middleware/base.py", line 193, in __call__
    |     response = await self.dispatch_func(request, call_next)
    |                ^^^^^^^^^^^^^^^^^^^^^^^^^^^^^^^^^^^^^^^^^^^^
    |   File "/home/aakashr/Documents/github-aakash/MentalHealthDataScience/src/api/middleware.py", line 82, in dispatch
    |     response = await call_next(request)
    |                ^^^^^^^^^^^^^^^^^^^^^^^^
    |   File "/home/aakashr/.local/lib/python3.12/site-packages/starlette/middleware/base.py", line 168, in call_next
    |     raise app_exc from app_exc.__cause__ or app_exc.__context__
    |   File "/home/aakashr/.local/lib/python3.12/site-packages/starlette/middleware/base.py", line 144, in coro
    |     await self.app(scope, receive_or_disconnect, send_no_error)
    |   File "/home/aakashr/.local/lib/python3.12/site-packages/starlette/middleware/base.py", line 191, in __call__
    |     with recv_stream, send_stream, collapse_excgroups():
    |   File "/usr/lib/python3.12/contextlib.py", line 158, in __exit__
    |     self.gen.throw(value)
    |   File "/home/aakashr/.local/lib/python3.12/site-packages/starlette/_utils.py", line 87, in collapse_excgroups
    |     raise exc
    |   File "/home/aakashr/.local/lib/python3.12/site-packages/starlette/middleware/base.py", line 193, in __call__
    |     response = await self.dispatch_func(request, call_next)
    |                ^^^^^^^^^^^^^^^^^^^^^^^^^^^^^^^^^^^^^^^^^^^^
    |   File "/home/aakashr/Documents/github-aakash/MentalHealthDataScience/src/api/middleware.py", line 158, in dispatch
    |     response = await call_next(request)
    |                ^^^^^^^^^^^^^^^^^^^^^^^^
    |   File "/home/aakashr/.local/lib/python3.12/site-packages/starlette/middleware/base.py", line 168, in call_next
    |     raise app_exc from app_exc.__cause__ or app_exc.__context__
    |   File "/home/aakashr/.local/lib/python3.12/site-packages/starlette/middleware/base.py", line 144, in coro
    |     await self.app(scope, receive_or_disconnect, send_no_error)
    |   File "/home/aakashr/.local/lib/python3.12/site-packages/starlette/middleware/base.py", line 191, in __call__
    |     with recv_stream, send_stream, collapse_excgroups():
    |   File "/usr/lib/python3.12/contextlib.py", line 158, in __exit__
    |     self.gen.throw(value)
    |   File "/home/aakashr/.local/lib/python3.12/site-packages/starlette/_utils.py", line 87, in collapse_excgroups
    |     raise exc
    |   File "/home/aakashr/.local/lib/python3.12/site-packages/starlette/middleware/base.py", line 193, in __call__
    |     response = await self.dispatch_func(request, call_next)
    |                ^^^^^^^^^^^^^^^^^^^^^^^^^^^^^^^^^^^^^^^^^^^^
    |   File "/home/aakashr/Documents/github-aakash/MentalHealthDataScience/src/api/middleware.py", line 256, in dispatch
    |     return self._create_error_response(
    |            ^^^^^^^^^^^^^^^^^^^^^^^^^^^^
    |   File "/home/aakashr/Documents/github-aakash/MentalHealthDataScience/src/api/middleware.py", line 292, in _create_error_response
    |     logger.error(
    |   File "/usr/lib/python3.12/logging/__init__.py", line 1568, in error
    |     self._log(ERROR, msg, args, **kwargs)
    |   File "/usr/lib/python3.12/logging/__init__.py", line 1682, in _log
    |     record = self.makeRecord(self.name, level, fn, lno, msg, args,
    |              ^^^^^^^^^^^^^^^^^^^^^^^^^^^^^^^^^^^^^^^^^^^^^^^^^^^^^
    |   File "/usr/lib/python3.12/logging/__init__.py", line 1656, in makeRecord
    |     raise KeyError("Attempt to overwrite %r in LogRecord" % key)
    | KeyError: "Attempt to overwrite 'message' in LogRecord"
    +------------------------------------

The above exception was the direct cause of the following exception:

Traceback (most recent call last):
  File "/home/aakashr/.local/lib/python3.12/site-packages/starlette/middleware/errors.py", line 164, in __call__
    await self.app(scope, receive, _send)
  File "/home/aakashr/.local/lib/python3.12/site-packages/starlette/middleware/base.py", line 191, in __call__
    with recv_stream, send_stream, collapse_excgroups():
  File "/usr/lib/python3.12/contextlib.py", line 158, in __exit__
    self.gen.throw(value)
  File "/home/aakashr/.local/lib/python3.12/site-packages/starlette/_utils.py", line 87, in collapse_excgroups
    raise exc
  File "/home/aakashr/.local/lib/python3.12/site-packages/starlette/middleware/base.py", line 193, in __call__
    response = await self.dispatch_func(request, call_next)
               ^^^^^^^^^^^^^^^^^^^^^^^^^^^^^^^^^^^^^^^^^^^^
  File "/home/aakashr/Documents/github-aakash/MentalHealthDataScience/src/api/middleware.py", line 82, in dispatch
    response = await call_next(request)
               ^^^^^^^^^^^^^^^^^^^^^^^^
  File "/home/aakashr/.local/lib/python3.12/site-packages/starlette/middleware/base.py", line 168, in call_next
    raise app_exc from app_exc.__cause__ or app_exc.__context__
  File "/home/aakashr/.local/lib/python3.12/site-packages/starlette/middleware/base.py", line 144, in coro
    await self.app(scope, receive_or_disconnect, send_no_error)
  File "/home/aakashr/.local/lib/python3.12/site-packages/starlette/middleware/base.py", line 191, in __call__
    with recv_stream, send_stream, collapse_excgroups():
  File "/usr/lib/python3.12/contextlib.py", line 158, in __exit__
    self.gen.throw(value)
  File "/home/aakashr/.local/lib/python3.12/site-packages/starlette/_utils.py", line 87, in collapse_excgroups
    raise exc
  File "/home/aakashr/.local/lib/python3.12/site-packages/starlette/middleware/base.py", line 193, in __call__
    response = await self.dispatch_func(request, call_next)
               ^^^^^^^^^^^^^^^^^^^^^^^^^^^^^^^^^^^^^^^^^^^^
  File "/home/aakashr/Documents/github-aakash/MentalHealthDataScience/src/api/middleware.py", line 158, in dispatch
    response = await call_next(request)
               ^^^^^^^^^^^^^^^^^^^^^^^^
  File "/home/aakashr/.local/lib/python3.12/site-packages/starlette/middleware/base.py", line 168, in call_next
    raise app_exc from app_exc.__cause__ or app_exc.__context__
  File "/home/aakashr/.local/lib/python3.12/site-packages/starlette/middleware/base.py", line 144, in coro
    await self.app(scope, receive_or_disconnect, send_no_error)
  File "/home/aakashr/.local/lib/python3.12/site-packages/starlette/middleware/base.py", line 191, in __call__
    with recv_stream, send_stream, collapse_excgroups():
  File "/usr/lib/python3.12/contextlib.py", line 158, in __exit__
    self.gen.throw(value)
  File "/home/aakashr/.local/lib/python3.12/site-packages/starlette/_utils.py", line 87, in collapse_excgroups
    raise exc
  File "/home/aakashr/.local/lib/python3.12/site-packages/starlette/middleware/base.py", line 193, in __call__
    response = await self.dispatch_func(request, call_next)
               ^^^^^^^^^^^^^^^^^^^^^^^^^^^^^^^^^^^^^^^^^^^^
  File "/home/aakashr/Documents/github-aakash/MentalHealthDataScience/src/api/middleware.py", line 256, in dispatch
    return self._create_error_response(
           ^^^^^^^^^^^^^^^^^^^^^^^^^^^^
  File "/home/aakashr/Documents/github-aakash/MentalHealthDataScience/src/api/middleware.py", line 292, in _create_error_response
    logger.error(
  File "/usr/lib/python3.12/logging/__init__.py", line 1568, in error
    self._log(ERROR, msg, args, **kwargs)
  File "/usr/lib/python3.12/logging/__init__.py", line 1682, in _log
    record = self.makeRecord(self.name, level, fn, lno, msg, args,
             ^^^^^^^^^^^^^^^^^^^^^^^^^^^^^^^^^^^^^^^^^^^^^^^^^^^^^
  File "/usr/lib/python3.12/logging/__init__.py", line 1656, in makeRecord
    raise KeyError("Attempt to overwrite %r in LogRecord" % key)
KeyError: "Attempt to overwrite 'message' in LogRecord"
FAILEDShutting down MHRAS API...
Shutting down MHRAS Integration
{"event": "consent_cache_cleared_all", "logger": "src.governance.consent", "level": "info", "environment": "development", "service": "mhras", "timestamp": "2026-05-09T04:16:24.680944Z"}
{"event": "Service cache cleared", "logger": "src.screening_service", "level": "info", "environment": "development", "service": "mhras", "timestamp": "2026-05-09T04:16:24.681062Z"}
MHRAS Integration shutdown complete
Database connections closed
MHRAS API shutdown complete


=================================== FAILURES ===================================
  + Exception Group Traceback (most recent call last):
  |   File "/home/aakashr/.local/lib/python3.12/site-packages/starlette/_utils.py", line 81, in collapse_excgroups
  |     yield
  |   File "/home/aakashr/.local/lib/python3.12/site-packages/starlette/middleware/base.py", line 192, in __call__
  |     async with anyio.create_task_group() as task_group:
  |   File "/home/aakashr/.local/lib/python3.12/site-packages/anyio/_backends/_asyncio.py", line 799, in __aexit__
  |     raise BaseExceptionGroup(
  | ExceptionGroup: unhandled errors in a TaskGroup (1 sub-exception)
  +-+---------------- 1 ----------------
    | Traceback (most recent call last):
    |   File "/home/aakashr/.local/lib/python3.12/site-packages/starlette/middleware/errors.py", line 164, in __call__
    |     await self.app(scope, receive, _send)
    |   File "/home/aakashr/.local/lib/python3.12/site-packages/starlette/middleware/base.py", line 191, in __call__
    |     with recv_stream, send_stream, collapse_excgroups():
    |   File "/usr/lib/python3.12/contextlib.py", line 158, in __exit__
    |     self.gen.throw(value)
    |   File "/home/aakashr/.local/lib/python3.12/site-packages/starlette/_utils.py", line 87, in collapse_excgroups
    |     raise exc
    |   File "/home/aakashr/.local/lib/python3.12/site-packages/starlette/middleware/base.py", line 193, in __call__
    |     response = await self.dispatch_func(request, call_next)
    |                ^^^^^^^^^^^^^^^^^^^^^^^^^^^^^^^^^^^^^^^^^^^^
    |   File "/home/aakashr/Documents/github-aakash/MentalHealthDataScience/src/api/middleware.py", line 82, in dispatch
    |     response = await call_next(request)
    |                ^^^^^^^^^^^^^^^^^^^^^^^^
    |   File "/home/aakashr/.local/lib/python3.12/site-packages/starlette/middleware/base.py", line 168, in call_next
    |     raise app_exc from app_exc.__cause__ or app_exc.__context__
    |   File "/home/aakashr/.local/lib/python3.12/site-packages/starlette/middleware/base.py", line 144, in coro
    |     await self.app(scope, receive_or_disconnect, send_no_error)
    |   File "/home/aakashr/.local/lib/python3.12/site-packages/starlette/middleware/base.py", line 191, in __call__
    |     with recv_stream, send_stream, collapse_excgroups():
    |   File "/usr/lib/python3.12/contextlib.py", line 158, in __exit__
    |     self.gen.throw(value)
    |   File "/home/aakashr/.local/lib/python3.12/site-packages/starlette/_utils.py", line 87, in collapse_excgroups
    |     raise exc
    |   File "/home/aakashr/.local/lib/python3.12/site-packages/starlette/middleware/base.py", line 193, in __call__
    |     response = await self.dispatch_func(request, call_next)
    |                ^^^^^^^^^^^^^^^^^^^^^^^^^^^^^^^^^^^^^^^^^^^^
    |   File "/home/aakashr/Documents/github-aakash/MentalHealthDataScience/src/api/middleware.py", line 158, in dispatch
    |     response = await call_next(request)
    |                ^^^^^^^^^^^^^^^^^^^^^^^^
    |   File "/home/aakashr/.local/lib/python3.12/site-packages/starlette/middleware/base.py", line 168, in call_next
    |     raise app_exc from app_exc.__cause__ or app_exc.__context__
    |   File "/home/aakashr/.local/lib/python3.12/site-packages/starlette/middleware/base.py", line 144, in coro
    |     await self.app(scope, receive_or_disconnect, send_no_error)
    |   File "/home/aakashr/.local/lib/python3.12/site-packages/starlette/middleware/base.py", line 191, in __call__
    |     with recv_stream, send_stream, collapse_excgroups():
    |   File "/usr/lib/python3.12/contextlib.py", line 158, in __exit__
    |     self.gen.throw(value)
    |   File "/home/aakashr/.local/lib/python3.12/site-packages/starlette/_utils.py", line 87, in collapse_excgroups
    |     raise exc
    |   File "/home/aakashr/.local/lib/python3.12/site-packages/starlette/middleware/base.py", line 193, in __call__
    |     response = await self.dispatch_func(request, call_next)
    |                ^^^^^^^^^^^^^^^^^^^^^^^^^^^^^^^^^^^^^^^^^^^^
    |   File "/home/aakashr/Documents/github-aakash/MentalHealthDataScience/src/api/middleware.py", line 256, in dispatch
    |     return self._create_error_response(
    |            ^^^^^^^^^^^^^^^^^^^^^^^^^^^^
    |   File "/home/aakashr/Documents/github-aakash/MentalHealthDataScience/src/api/middleware.py", line 292, in _create_error_response
    |     logger.error(
    |   File "/usr/lib/python3.12/logging/__init__.py", line 1568, in error
    |     self._log(ERROR, msg, args, **kwargs)
    |   File "/usr/lib/python3.12/logging/__init__.py", line 1682, in _log
    |     record = self.makeRecord(self.name, level, fn, lno, msg, args,
    |              ^^^^^^^^^^^^^^^^^^^^^^^^^^^^^^^^^^^^^^^^^^^^^^^^^^^^^
    |   File "/usr/lib/python3.12/logging/__init__.py", line 1656, in makeRecord
    |     raise KeyError("Attempt to overwrite %r in LogRecord" % key)
    | KeyError: "Attempt to overwrite 'message' in LogRecord"
    +------------------------------------

The above exception was the direct cause of the following exception:

Traceback (most recent call last):
  File "/home/aakashr/.local/lib/python3.12/site-packages/starlette/middleware/errors.py", line 164, in __call__
    await self.app(scope, receive, _send)
  File "/home/aakashr/.local/lib/python3.12/site-packages/starlette/middleware/base.py", line 191, in __call__
    with recv_stream, send_stream, collapse_excgroups():
  File "/usr/lib/python3.12/contextlib.py", line 158, in __exit__
    self.gen.throw(value)
  File "/home/aakashr/.local/lib/python3.12/site-packages/starlette/_utils.py", line 87, in collapse_excgroups
    raise exc
  File "/home/aakashr/.local/lib/python3.12/site-packages/starlette/middleware/base.py", line 193, in __call__
    response = await self.dispatch_func(request, call_next)
               ^^^^^^^^^^^^^^^^^^^^^^^^^^^^^^^^^^^^^^^^^^^^
  File "/home/aakashr/Documents/github-aakash/MentalHealthDataScience/src/api/middleware.py", line 82, in dispatch
    response = await call_next(request)
               ^^^^^^^^^^^^^^^^^^^^^^^^
  File "/home/aakashr/.local/lib/python3.12/site-packages/starlette/middleware/base.py", line 168, in call_next
    raise app_exc from app_exc.__cause__ or app_exc.__context__
  File "/home/aakashr/.local/lib/python3.12/site-packages/starlette/middleware/base.py", line 144, in coro
    await self.app(scope, receive_or_disconnect, send_no_error)
  File "/home/aakashr/.local/lib/python3.12/site-packages/starlette/middleware/base.py", line 191, in __call__
    with recv_stream, send_stream, collapse_excgroups():
  File "/usr/lib/python3.12/contextlib.py", line 158, in __exit__
    self.gen.throw(value)
  File "/home/aakashr/.local/lib/python3.12/site-packages/starlette/_utils.py", line 87, in collapse_excgroups
    raise exc
  File "/home/aakashr/.local/lib/python3.12/site-packages/starlette/middleware/base.py", line 193, in __call__
    response = await self.dispatch_func(request, call_next)
               ^^^^^^^^^^^^^^^^^^^^^^^^^^^^^^^^^^^^^^^^^^^^
  File "/home/aakashr/Documents/github-aakash/MentalHealthDataScience/src/api/middleware.py", line 158, in dispatch
    response = await call_next(request)
               ^^^^^^^^^^^^^^^^^^^^^^^^
  File "/home/aakashr/.local/lib/python3.12/site-packages/starlette/middleware/base.py", line 168, in call_next
    raise app_exc from app_exc.__cause__ or app_exc.__context__
  File "/home/aakashr/.local/lib/python3.12/site-packages/starlette/middleware/base.py", line 144, in coro
    await self.app(scope, receive_or_disconnect, send_no_error)
  File "/home/aakashr/.local/lib/python3.12/site-packages/starlette/middleware/base.py", line 191, in __call__
    with recv_stream, send_stream, collapse_excgroups():
  File "/usr/lib/python3.12/contextlib.py", line 158, in __exit__
    self.gen.throw(value)
  File "/home/aakashr/.local/lib/python3.12/site-packages/starlette/_utils.py", line 87, in collapse_excgroups
    raise exc
  File "/home/aakashr/.local/lib/python3.12/site-packages/starlette/middleware/base.py", line 193, in __call__
    response = await self.dispatch_func(request, call_next)
               ^^^^^^^^^^^^^^^^^^^^^^^^^^^^^^^^^^^^^^^^^^^^
  File "/home/aakashr/Documents/github-aakash/MentalHealthDataScience/src/api/middleware.py", line 256, in dispatch
    return self._create_error_response(
           ^^^^^^^^^^^^^^^^^^^^^^^^^^^^
  File "/home/aakashr/Documents/github-aakash/MentalHealthDataScience/src/api/middleware.py", line 292, in _create_error_response
    logger.error(
  File "/usr/lib/python3.12/logging/__init__.py", line 1568, in error
    self._log(ERROR, msg, args, **kwargs)
  File "/usr/lib/python3.12/logging/__init__.py", line 1682, in _log
    record = self.makeRecord(self.name, level, fn, lno, msg, args,
             ^^^^^^^^^^^^^^^^^^^^^^^^^^^^^^^^^^^^^^^^^^^^^^^^^^^^^
  File "/usr/lib/python3.12/logging/__init__.py", line 1656, in makeRecord
    raise KeyError("Attempt to overwrite %r in LogRecord" % key)
KeyError: "Attempt to overwrite 'message' in LogRecord"

During handling of the above exception, another exception occurred:

Traceback (most recent call last):
  File "/home/aakashr/Documents/github-aakash/MentalHealthDataScience/tests/test_api_endpoints.py", line 67, in test_screen_missing_consent
    res = client.post("/screen", json=payload)
          ^^^^^^^^^^^^^^^^^^^^^^^^^^^^^^^^^^^^
  File "/home/aakashr/.local/lib/python3.12/site-packages/starlette/testclient.py", line 546, in post
    return super().post(
           ^^^^^^^^^^^^^
  File "/home/aakashr/.local/lib/python3.12/site-packages/httpx/_client.py", line 1144, in post
    return self.request(
           ^^^^^^^^^^^^^
  File "/home/aakashr/.local/lib/python3.12/site-packages/starlette/testclient.py", line 445, in request
    return super().request(
           ^^^^^^^^^^^^^^^^
  File "/home/aakashr/.local/lib/python3.12/site-packages/httpx/_client.py", line 825, in request
    return self.send(request, auth=auth, follow_redirects=follow_redirects)
           ^^^^^^^^^^^^^^^^^^^^^^^^^^^^^^^^^^^^^^^^^^^^^^^^^^^^^^^^^^^^^^^^
  File "/home/aakashr/.local/lib/python3.12/site-packages/httpx/_client.py", line 914, in send
    response = self._send_handling_auth(
               ^^^^^^^^^^^^^^^^^^^^^^^^^
  File "/home/aakashr/.local/lib/python3.12/site-packages/httpx/_client.py", line 942, in _send_handling_auth
    response = self._send_handling_redirects(
               ^^^^^^^^^^^^^^^^^^^^^^^^^^^^^^
  File "/home/aakashr/.local/lib/python3.12/site-packages/httpx/_client.py", line 979, in _send_handling_redirects
    response = self._send_single_request(request)
               ^^^^^^^^^^^^^^^^^^^^^^^^^^^^^^^^^^
  File "/home/aakashr/.local/lib/python3.12/site-packages/httpx/_client.py", line 1014, in _send_single_request
    response = transport.handle_request(request)
               ^^^^^^^^^^^^^^^^^^^^^^^^^^^^^^^^^
  File "/home/aakashr/.local/lib/python3.12/site-packages/starlette/testclient.py", line 348, in handle_request
    raise exc
  File "/home/aakashr/.local/lib/python3.12/site-packages/starlette/testclient.py", line 345, in handle_request
    portal.call(self.app, scope, receive, send)
  File "/home/aakashr/.local/lib/python3.12/site-packages/anyio/from_thread.py", line 334, in call
    return cast(T_Retval, self.start_task_soon(func, *args).result())
                          ^^^^^^^^^^^^^^^^^^^^^^^^^^^^^^^^^^^^^^^^^^
  File "/usr/lib/python3.12/concurrent/futures/_base.py", line 456, in result
    return self.__get_result()
           ^^^^^^^^^^^^^^^^^^^
  File "/usr/lib/python3.12/concurrent/futures/_base.py", line 401, in __get_result
    raise self._exception
  File "/home/aakashr/.local/lib/python3.12/site-packages/anyio/from_thread.py", line 259, in _call_func
    retval = await retval_or_awaitable
             ^^^^^^^^^^^^^^^^^^^^^^^^^
  File "/home/aakashr/.local/lib/python3.12/site-packages/fastapi/applications.py", line 1159, in __call__
    await super().__call__(scope, receive, send)
  File "/home/aakashr/.local/lib/python3.12/site-packages/starlette/applications.py", line 90, in __call__
    await self.middleware_stack(scope, receive, send)
  File "/home/aakashr/.local/lib/python3.12/site-packages/starlette/middleware/errors.py", line 176, in __call__
    response = await self.handler(request, exc)
               ^^^^^^^^^^^^^^^^^^^^^^^^^^^^^^^^
  File "/home/aakashr/Documents/github-aakash/MentalHealthDataScience/src/api/app.py", line 220, in general_exception_handler
    return JSONResponse(
           ^^^^^^^^^^^^^
  File "/home/aakashr/.local/lib/python3.12/site-packages/starlette/responses.py", line 192, in __init__
    super().__init__(content, status_code, headers, media_type, background)
  File "/home/aakashr/.local/lib/python3.12/site-packages/starlette/responses.py", line 45, in __init__
    self.body = self.render(content)
                ^^^^^^^^^^^^^^^^^^^^
  File "/home/aakashr/.local/lib/python3.12/site-packages/starlette/responses.py", line 195, in render
    return json.dumps(
           ^^^^^^^^^^^
  File "/usr/lib/python3.12/json/__init__.py", line 238, in dumps
    **kw).encode(obj)
          ^^^^^^^^^^^
  File "/usr/lib/python3.12/json/encoder.py", line 200, in encode
    chunks = self.iterencode(o, _one_shot=True)
             ^^^^^^^^^^^^^^^^^^^^^^^^^^^^^^^^^^
  File "/usr/lib/python3.12/json/encoder.py", line 258, in iterencode
    return _iterencode(o, 0)
           ^^^^^^^^^^^^^^^^^
  File "/usr/lib/python3.12/json/encoder.py", line 180, in default
    raise TypeError(f'Object of type {o.__class__.__name__} '
TypeError: Object of type datetime is not JSON serializable

The above exception was the direct cause of the following exception:
E   KeyError: "Attempt to overwrite 'message' in LogRecord"

During handling of the above exception, another exception occurred:
E   TypeError: Object of type datetime is not JSON serializable
------------------------------ Captured log setup ------------------------------
INFO     src.api.endpoints:endpoints.py:87 Initializing API components...
INFO     src.ml.model_registry:model_registry.py:53 Loaded registry index with 0 models
INFO     src.ml.model_registry:model_registry.py:46 ModelRegistry initialized at models/registry
INFO     src.ml.inference_engine:inference_engine.py:49 InferenceEngine initialized with device: cpu
INFO     src.ml.ensemble_predictor:ensemble_predictor.py:54 EnsemblePredictor initialized with alert threshold: 75.0
INFO     src.ml.interpretability:interpretability.py:49 InterpretabilityEngine initialized
INFO     src.ml.sentiment_analysis:sentiment_analysis.py:120 Loaded VADER sentiment analyzer
INFO     src.governance.consent:consent.py:69 {"cache_ttl_seconds": 300, "event": "consent_verifier_initialized", "logger": "src.governance.consent", "level": "info", "environment": "development", "service": "mhras", "timestamp": "2026-05-09T04:16:24.592748Z"}
WARNING  src.governance.anonymization:anonymization.py:37 {"message": "Using default salt - change in production!", "event": "anonymization_using_default_salt", "logger": "src.governance.anonymization", "level": "warning", "environment": "development", "service": "mhras", "timestamp": "2026-05-09T04:16:24.593069Z"}
INFO     src.governance.anonymization:anonymization.py:42 {"event": "anonymizer_initialized", "logger": "src.governance.anonymization", "level": "info", "environment": "development", "service": "mhras", "timestamp": "2026-05-09T04:16:24.593338Z"}
INFO     src.recommendations.recommendation_engine:recommendation_engine.py:53 RecommendationEngine initialized
INFO     src.governance.audit_logger:audit_logger.py:35 {"event": "AuditLogger initialized with log path: logs/audit.jsonl", "logger": "src.governance.audit_logger", "level": "info", "environment": "development", "service": "mhras", "timestamp": "2026-05-09T04:16:24.593634Z"}
INFO     src.governance.human_review_queue:human_review_queue.py:144 {"event": "HumanReviewQueue initialized with 0 cases, escalation_threshold=4h", "logger": "src.governance.human_review_queue", "level": "info", "environment": "development", "service": "mhras", "timestamp": "2026-05-09T04:16:24.593787Z"}
INFO     src.governance.drift_monitor:drift_monitor.py:76 {"event": "DriftMonitor initialized with feature_threshold=0.3, prediction_threshold=0.2", "logger": "src.governance.drift_monitor", "level": "info", "environment": "development", "service": "mhras", "timestamp": "2026-05-09T04:16:24.593891Z"}
INFO     src.api.endpoints:endpoints.py:112 API components initialized successfully
INFO     src.api.app:app.py:253 Starting MHRAS API...
INFO     src.database:database.py:175 Initializing database tables …
INFO     src.database:database.py:180 Database tables ready
WARNING  src.integration:integration.py:93 No database connection provided - repositories not initialized
INFO     src.ml.model_registry:model_registry.py:53 Loaded registry index with 0 models
INFO     src.ml.model_registry:model_registry.py:46 ModelRegistry initialized at models/registry
INFO     src.ml.inference_engine:inference_engine.py:49 InferenceEngine initialized with device: cpu
INFO     src.ml.ensemble_predictor:ensemble_predictor.py:54 EnsemblePredictor initialized with alert threshold: 75.0
INFO     src.ml.interpretability:interpretability.py:49 InterpretabilityEngine initialized
INFO     src.integration:integration.py:110 ML components initialized
INFO     src.ml.sentiment_analysis:sentiment_analysis.py:120 Loaded VADER sentiment analyzer
WARNING  src.governance.anonymization:anonymization.py:37 {"message": "Using default salt - change in production!", "event": "anonymization_using_default_salt", "logger": "src.governance.anonymization", "level": "warning", "environment": "development", "service": "mhras", "timestamp": "2026-05-09T04:16:24.614212Z"}
INFO     src.governance.anonymization:anonymization.py:42 {"event": "anonymizer_initialized", "logger": "src.governance.anonymization", "level": "info", "environment": "development", "service": "mhras", "timestamp": "2026-05-09T04:16:24.614403Z"}
INFO     src.integration:integration.py:119 Processing components initialized
INFO     src.governance.consent:consent.py:69 {"cache_ttl_seconds": 300, "event": "consent_verifier_initialized", "logger": "src.governance.consent", "level": "info", "environment": "development", "service": "mhras", "timestamp": "2026-05-09T04:16:24.614553Z"}
INFO     src.governance.audit_logger:audit_logger.py:35 {"event": "AuditLogger initialized with log path: logs/audit.jsonl", "logger": "src.governance.audit_logger", "level": "info", "environment": "development", "service": "mhras", "timestamp": "2026-05-09T04:16:24.614679Z"}
INFO     src.governance.human_review_queue:human_review_queue.py:144 {"event": "HumanReviewQueue initialized with 0 cases, escalation_threshold=4h", "logger": "src.governance.human_review_queue", "level": "info", "environment": "development", "service": "mhras", "timestamp": "2026-05-09T04:16:24.614810Z"}
INFO     src.governance.drift_monitor:drift_monitor.py:76 {"event": "DriftMonitor initialized with feature_threshold=0.3, prediction_threshold=0.2", "logger": "src.governance.drift_monitor", "level": "info", "environment": "development", "service": "mhras", "timestamp": "2026-05-09T04:16:24.614885Z"}
INFO     src.integration:integration.py:127 Governance components initialized
INFO     src.recommendations.recommendation_engine:recommendation_engine.py:53 RecommendationEngine initialized
INFO     src.integration:integration.py:132 Recommendation engine initialized
INFO     src.screening_service:screening_service.py:158 {"event": "Initializing ScreeningService", "logger": "src.screening_service", "level": "info", "environment": "development", "service": "mhras", "timestamp": "2026-05-09T04:16:24.615166Z"}
INFO     src.governance.consent:consent.py:69 {"cache_ttl_seconds": 300, "event": "consent_verifier_initialized", "logger": "src.governance.consent", "level": "info", "environment": "development", "service": "mhras", "timestamp": "2026-05-09T04:16:24.623702Z"}
WARNING  src.governance.anonymization:anonymization.py:37 {"message": "Using default salt - change in production!", "event": "anonymization_using_default_salt", "logger": "src.governance.anonymization", "level": "warning", "environment": "development", "service": "mhras", "timestamp": "2026-05-09T04:16:24.623863Z"}
INFO     src.governance.anonymization:anonymization.py:42 {"event": "anonymizer_initialized", "logger": "src.governance.anonymization", "level": "info", "environment": "development", "service": "mhras", "timestamp": "2026-05-09T04:16:24.623932Z"}
INFO     src.ml.sentiment_analysis:sentiment_analysis.py:120 Loaded VADER sentiment analyzer
INFO     src.ml.inference_engine:inference_engine.py:49 InferenceEngine initialized with device: cpu
INFO     src.ml.ensemble_predictor:ensemble_predictor.py:54 EnsemblePredictor initialized with alert threshold: 75.0
INFO     src.ml.interpretability:interpretability.py:49 InterpretabilityEngine initialized
INFO     src.recommendations.recommendation_engine:recommendation_engine.py:53 RecommendationEngine initialized
INFO     src.governance.audit_logger:audit_logger.py:35 {"event": "AuditLogger initialized with log path: logs/audit.jsonl", "logger": "src.governance.audit_logger", "level": "info", "environment": "development", "service": "mhras", "timestamp": "2026-05-09T04:16:24.632565Z"}
INFO     src.governance.human_review_queue:human_review_queue.py:144 {"event": "HumanReviewQueue initialized with 0 cases, escalation_threshold=4h", "logger": "src.governance.human_review_queue", "level": "info", "environment": "development", "service": "mhras", "timestamp": "2026-05-09T04:16:24.632698Z"}
INFO     src.screening_service:screening_service.py:197 {"alert_threshold": 75.0, "human_review_threshold": 75.0, "event": "ScreeningService initialized", "logger": "src.screening_service", "level": "info", "environment": "development", "service": "mhras", "timestamp": "2026-05-09T04:16:24.632767Z"}
INFO     src.integration:integration.py:140 Screening service initialized
INFO     src.integration:integration.py:80 MHRAS Integration initialized successfully
INFO     src.api.ds_endpoints:ds_endpoints.py:54 Initializing data science API components...
ERROR    src.database_legacy.connection:connection.py:54 Failed to initialize connection pool: connection to server at "localhost" (127.0.0.1), port 5432 failed: Connection refused
	Is the server running on that host and accepting TCP/IP connections?

ERROR    src.api.ds_endpoints:ds_endpoints.py:75 Failed to initialize data science components: connection to server at "localhost" (127.0.0.1), port 5432 failed: Connection refused
	Is the server running on that host and accepting TCP/IP connections?

WARNING  src.api.app:app.py:271 Failed to initialize data science components: connection to server at "localhost" (127.0.0.1), port 5432 failed: Connection refused
	Is the server running on that host and accepting TCP/IP connections?

INFO     src.ml.model_registry:model_registry.py:420 Found 0 active models
INFO     src.api.app:app.py:275 System health check: healthy
INFO     src.api.app:app.py:277 API documentation available at /docs
INFO     src.api.endpoints:endpoints.py:87 Initializing API components...
INFO     src.ml.model_registry:model_registry.py:53 Loaded registry index with 0 models
INFO     src.ml.model_registry:model_registry.py:46 ModelRegistry initialized at models/registry
INFO     src.ml.inference_engine:inference_engine.py:49 InferenceEngine initialized with device: cpu
INFO     src.ml.ensemble_predictor:ensemble_predictor.py:54 EnsemblePredictor initialized with alert threshold: 75.0
INFO     src.ml.interpretability:interpretability.py:49 InterpretabilityEngine initialized
INFO     src.ml.sentiment_analysis:sentiment_analysis.py:120 Loaded VADER sentiment analyzer
INFO     src.governance.consent:consent.py:69 {"cache_ttl_seconds": 300, "event": "consent_verifier_initialized", "logger": "src.governance.consent", "level": "info", "environment": "development", "service": "mhras", "timestamp": "2026-05-09T04:16:24.651733Z"}
WARNING  src.governance.anonymization:anonymization.py:37 {"message": "Using default salt - change in production!", "event": "anonymization_using_default_salt", "logger": "src.governance.anonymization", "level": "warning", "environment": "development", "service": "mhras", "timestamp": "2026-05-09T04:16:24.652118Z"}
INFO     src.governance.anonymization:anonymization.py:42 {"event": "anonymizer_initialized", "logger": "src.governance.anonymization", "level": "info", "environment": "development", "service": "mhras", "timestamp": "2026-05-09T04:16:24.652228Z"}
INFO     src.recommendations.recommendation_engine:recommendation_engine.py:53 RecommendationEngine initialized
INFO     src.governance.audit_logger:audit_logger.py:35 {"event": "AuditLogger initialized with log path: logs/audit.jsonl", "logger": "src.governance.audit_logger", "level": "info", "environment": "development", "service": "mhras", "timestamp": "2026-05-09T04:16:24.652566Z"}
INFO     src.governance.human_review_queue:human_review_queue.py:144 {"event": "HumanReviewQueue initialized with 0 cases, escalation_threshold=4h", "logger": "src.governance.human_review_queue", "level": "info", "environment": "development", "service": "mhras", "timestamp": "2026-05-09T04:16:24.652729Z"}
INFO     src.governance.drift_monitor:drift_monitor.py:76 {"event": "DriftMonitor initialized with feature_threshold=0.3, prediction_threshold=0.2", "logger": "src.governance.drift_monitor", "level": "info", "environment": "development", "service": "mhras", "timestamp": "2026-05-09T04:16:24.652883Z"}
INFO     src.api.endpoints:endpoints.py:112 API components initialized successfully
------------------------------ Captured log call -------------------------------
INFO     src.api.middleware:middleware.py:69 Request started
WARNING  src.api.app:app.py:129 Validation error
ERROR    src.api.middleware:middleware.py:255 Unhandled exception: Object of type datetime is not JSON serializable
Traceback (most recent call last):
  File "/home/aakashr/.local/lib/python3.12/site-packages/starlette/_exception_handler.py", line 42, in wrapped_app
    await app(scope, receive, sender)
  File "/home/aakashr/.local/lib/python3.12/site-packages/fastapi/routing.py", line 120, in app
    response = await f(request)
               ^^^^^^^^^^^^^^^^
  File "/home/aakashr/.local/lib/python3.12/site-packages/fastapi/routing.py", line 723, in app
    raise validation_error
fastapi.exceptions.RequestValidationError: 1 validation error:
  {'type': 'value_error', 'loc': ('body', 'consent_verified'), 'msg': 'Value error, consent_verified must be True to process data', 'input': False, 'ctx': {'error': ValueError('consent_verified must be True to process data')}}

  File "/home/aakashr/Documents/github-aakash/MentalHealthDataScience/src/api/endpoints.py", line 143, in screen_individual
    POST /screen

The above exception was the direct cause of the following exception:

Traceback (most recent call last):
  File "/home/aakashr/Documents/github-aakash/MentalHealthDataScience/src/api/middleware.py", line 186, in dispatch
    response = await call_next(request)
               ^^^^^^^^^^^^^^^^^^^^^^^^
  File "/home/aakashr/.local/lib/python3.12/site-packages/starlette/middleware/base.py", line 168, in call_next
    raise app_exc from app_exc.__cause__ or app_exc.__context__
  File "/home/aakashr/.local/lib/python3.12/site-packages/starlette/middleware/base.py", line 144, in coro
    await self.app(scope, receive_or_disconnect, send_no_error)
  File "/home/aakashr/.local/lib/python3.12/site-packages/starlette/middleware/base.py", line 191, in __call__
    with recv_stream, send_stream, collapse_excgroups():
  File "/usr/lib/python3.12/contextlib.py", line 158, in __exit__
    self.gen.throw(value)
  File "/home/aakashr/.local/lib/python3.12/site-packages/starlette/_utils.py", line 87, in collapse_excgroups
    raise exc
  File "/home/aakashr/.local/lib/python3.12/site-packages/starlette/middleware/base.py", line 193, in __call__
    response = await self.dispatch_func(request, call_next)
               ^^^^^^^^^^^^^^^^^^^^^^^^^^^^^^^^^^^^^^^^^^^^
  File "/home/aakashr/Documents/github-aakash/MentalHealthDataScience/src/api/middleware.py", line 355, in dispatch
    response = await asyncio.wait_for(
               ^^^^^^^^^^^^^^^^^^^^^^^
  File "/usr/lib/python3.12/asyncio/tasks.py", line 520, in wait_for
    return await fut
           ^^^^^^^^^
  File "/home/aakashr/.local/lib/python3.12/site-packages/starlette/middleware/base.py", line 168, in call_next
    raise app_exc from app_exc.__cause__ or app_exc.__context__
  File "/home/aakashr/.local/lib/python3.12/site-packages/starlette/middleware/base.py", line 144, in coro
    await self.app(scope, receive_or_disconnect, send_no_error)
  File "/home/aakashr/.local/lib/python3.12/site-packages/starlette/middleware/cors.py", line 88, in __call__
    await self.app(scope, receive, send)
  File "/home/aakashr/.local/lib/python3.12/site-packages/starlette/middleware/exceptions.py", line 63, in __call__
    await wrap_app_handling_exceptions(self.app, conn)(scope, receive, send)
  File "/home/aakashr/.local/lib/python3.12/site-packages/starlette/_exception_handler.py", line 53, in wrapped_app
    raise exc
  File "/home/aakashr/.local/lib/python3.12/site-packages/starlette/_exception_handler.py", line 42, in wrapped_app
    await app(scope, receive, sender)
  File "/home/aakashr/.local/lib/python3.12/site-packages/fastapi/middleware/asyncexitstack.py", line 18, in __call__
    await self.app(scope, receive, send)
  File "/home/aakashr/.local/lib/python3.12/site-packages/starlette/routing.py", line 660, in __call__
    await self.middleware_stack(scope, receive, send)
  File "/home/aakashr/.local/lib/python3.12/site-packages/starlette/routing.py", line 680, in app
    await route.handle(scope, receive, send)
  File "/home/aakashr/.local/lib/python3.12/site-packages/starlette/routing.py", line 276, in handle
    await self.app(scope, receive, send)
  File "/home/aakashr/.local/lib/python3.12/site-packages/fastapi/routing.py", line 134, in app
    await wrap_app_handling_exceptions(app, request)(scope, receive, send)
  File "/home/aakashr/.local/lib/python3.12/site-packages/starlette/_exception_handler.py", line 59, in wrapped_app
    response = await handler(conn, exc)
               ^^^^^^^^^^^^^^^^^^^^^^^^
  File "/home/aakashr/Documents/github-aakash/MentalHealthDataScience/src/api/app.py", line 143, in validation_exception_handler
    return JSONResponse(
           ^^^^^^^^^^^^^
  File "/home/aakashr/.local/lib/python3.12/site-packages/starlette/responses.py", line 192, in __init__
    super().__init__(content, status_code, headers, media_type, background)
  File "/home/aakashr/.local/lib/python3.12/site-packages/starlette/responses.py", line 45, in __init__
    self.body = self.render(content)
                ^^^^^^^^^^^^^^^^^^^^
  File "/home/aakashr/.local/lib/python3.12/site-packages/starlette/responses.py", line 195, in render
    return json.dumps(
           ^^^^^^^^^^^
  File "/usr/lib/python3.12/json/__init__.py", line 238, in dumps
    **kw).encode(obj)
          ^^^^^^^^^^^
  File "/usr/lib/python3.12/json/encoder.py", line 200, in encode
    chunks = self.iterencode(o, _one_shot=True)
             ^^^^^^^^^^^^^^^^^^^^^^^^^^^^^^^^^^
  File "/usr/lib/python3.12/json/encoder.py", line 258, in iterencode
    return _iterencode(o, 0)
           ^^^^^^^^^^^^^^^^^
  File "/usr/lib/python3.12/json/encoder.py", line 180, in default
    raise TypeError(f'Object of type {o.__class__.__name__} '
TypeError: Object of type datetime is not JSON serializable
ERROR    src.api.middleware:middleware.py:108 Request failed
  + Exception Group Traceback (most recent call last):
  |   File "/home/aakashr/.local/lib/python3.12/site-packages/starlette/_utils.py", line 81, in collapse_excgroups
  |     yield
  |   File "/home/aakashr/.local/lib/python3.12/site-packages/starlette/middleware/base.py", line 192, in __call__
  |     async with anyio.create_task_group() as task_group:
  |   File "/home/aakashr/.local/lib/python3.12/site-packages/anyio/_backends/_asyncio.py", line 799, in __aexit__
  |     raise BaseExceptionGroup(
  | ExceptionGroup: unhandled errors in a TaskGroup (1 sub-exception)
  +-+---------------- 1 ----------------
    | Traceback (most recent call last):
    |   File "/home/aakashr/Documents/github-aakash/MentalHealthDataScience/src/api/middleware.py", line 82, in dispatch
    |     response = await call_next(request)
    |                ^^^^^^^^^^^^^^^^^^^^^^^^
    |   File "/home/aakashr/.local/lib/python3.12/site-packages/starlette/middleware/base.py", line 168, in call_next
    |     raise app_exc from app_exc.__cause__ or app_exc.__context__
    |   File "/home/aakashr/.local/lib/python3.12/site-packages/starlette/middleware/base.py", line 144, in coro
    |     await self.app(scope, receive_or_disconnect, send_no_error)
    |   File "/home/aakashr/.local/lib/python3.12/site-packages/starlette/middleware/base.py", line 191, in __call__
    |     with recv_stream, send_stream, collapse_excgroups():
    |   File "/usr/lib/python3.12/contextlib.py", line 158, in __exit__
    |     self.gen.throw(value)
    |   File "/home/aakashr/.local/lib/python3.12/site-packages/starlette/_utils.py", line 87, in collapse_excgroups
    |     raise exc
    |   File "/home/aakashr/.local/lib/python3.12/site-packages/starlette/middleware/base.py", line 193, in __call__
    |     response = await self.dispatch_func(request, call_next)
    |                ^^^^^^^^^^^^^^^^^^^^^^^^^^^^^^^^^^^^^^^^^^^^
    |   File "/home/aakashr/Documents/github-aakash/MentalHealthDataScience/src/api/middleware.py", line 158, in dispatch
    |     response = await call_next(request)
    |                ^^^^^^^^^^^^^^^^^^^^^^^^
    |   File "/home/aakashr/.local/lib/python3.12/site-packages/starlette/middleware/base.py", line 168, in call_next
    |     raise app_exc from app_exc.__cause__ or app_exc.__context__
    |   File "/home/aakashr/.local/lib/python3.12/site-packages/starlette/middleware/base.py", line 144, in coro
    |     await self.app(scope, receive_or_disconnect, send_no_error)
    |   File "/home/aakashr/.local/lib/python3.12/site-packages/starlette/middleware/base.py", line 191, in __call__
    |     with recv_stream, send_stream, collapse_excgroups():
    |   File "/usr/lib/python3.12/contextlib.py", line 158, in __exit__
    |     self.gen.throw(value)
    |   File "/home/aakashr/.local/lib/python3.12/site-packages/starlette/_utils.py", line 87, in collapse_excgroups
    |     raise exc
    |   File "/home/aakashr/.local/lib/python3.12/site-packages/starlette/middleware/base.py", line 193, in __call__
    |     response = await self.dispatch_func(request, call_next)
    |                ^^^^^^^^^^^^^^^^^^^^^^^^^^^^^^^^^^^^^^^^^^^^
    |   File "/home/aakashr/Documents/github-aakash/MentalHealthDataScience/src/api/middleware.py", line 256, in dispatch
    |     return self._create_error_response(
    |            ^^^^^^^^^^^^^^^^^^^^^^^^^^^^
    |   File "/home/aakashr/Documents/github-aakash/MentalHealthDataScience/src/api/middleware.py", line 292, in _create_error_response
    |     logger.error(
    |   File "/usr/lib/python3.12/logging/__init__.py", line 1568, in error
    |     self._log(ERROR, msg, args, **kwargs)
    |   File "/usr/lib/python3.12/logging/__init__.py", line 1682, in _log
    |     record = self.makeRecord(self.name, level, fn, lno, msg, args,
    |              ^^^^^^^^^^^^^^^^^^^^^^^^^^^^^^^^^^^^^^^^^^^^^^^^^^^^^
    |   File "/usr/lib/python3.12/logging/__init__.py", line 1656, in makeRecord
    |     raise KeyError("Attempt to overwrite %r in LogRecord" % key)
    | KeyError: "Attempt to overwrite 'message' in LogRecord"
    +------------------------------------

The above exception was the direct cause of the following exception:

Traceback (most recent call last):
  File "/home/aakashr/Documents/github-aakash/MentalHealthDataScience/src/api/middleware.py", line 82, in dispatch
    response = await call_next(request)
               ^^^^^^^^^^^^^^^^^^^^^^^^
  File "/home/aakashr/.local/lib/python3.12/site-packages/starlette/middleware/base.py", line 168, in call_next
    raise app_exc from app_exc.__cause__ or app_exc.__context__
  File "/home/aakashr/.local/lib/python3.12/site-packages/starlette/middleware/base.py", line 144, in coro
    await self.app(scope, receive_or_disconnect, send_no_error)
  File "/home/aakashr/.local/lib/python3.12/site-packages/starlette/middleware/base.py", line 191, in __call__
    with recv_stream, send_stream, collapse_excgroups():
  File "/usr/lib/python3.12/contextlib.py", line 158, in __exit__
    self.gen.throw(value)
  File "/home/aakashr/.local/lib/python3.12/site-packages/starlette/_utils.py", line 87, in collapse_excgroups
    raise exc
  File "/home/aakashr/.local/lib/python3.12/site-packages/starlette/middleware/base.py", line 193, in __call__
    response = await self.dispatch_func(request, call_next)
               ^^^^^^^^^^^^^^^^^^^^^^^^^^^^^^^^^^^^^^^^^^^^
  File "/home/aakashr/Documents/github-aakash/MentalHealthDataScience/src/api/middleware.py", line 158, in dispatch
    response = await call_next(request)
               ^^^^^^^^^^^^^^^^^^^^^^^^
  File "/home/aakashr/.local/lib/python3.12/site-packages/starlette/middleware/base.py", line 168, in call_next
    raise app_exc from app_exc.__cause__ or app_exc.__context__
  File "/home/aakashr/.local/lib/python3.12/site-packages/starlette/middleware/base.py", line 144, in coro
    await self.app(scope, receive_or_disconnect, send_no_error)
  File "/home/aakashr/.local/lib/python3.12/site-packages/starlette/middleware/base.py", line 191, in __call__
    with recv_stream, send_stream, collapse_excgroups():
  File "/usr/lib/python3.12/contextlib.py", line 158, in __exit__
    self.gen.throw(value)
  File "/home/aakashr/.local/lib/python3.12/site-packages/starlette/_utils.py", line 87, in collapse_excgroups
    raise exc
  File "/home/aakashr/.local/lib/python3.12/site-packages/starlette/middleware/base.py", line 193, in __call__
    response = await self.dispatch_func(request, call_next)
               ^^^^^^^^^^^^^^^^^^^^^^^^^^^^^^^^^^^^^^^^^^^^
  File "/home/aakashr/Documents/github-aakash/MentalHealthDataScience/src/api/middleware.py", line 256, in dispatch
    return self._create_error_response(
           ^^^^^^^^^^^^^^^^^^^^^^^^^^^^
  File "/home/aakashr/Documents/github-aakash/MentalHealthDataScience/src/api/middleware.py", line 292, in _create_error_response
    logger.error(
  File "/usr/lib/python3.12/logging/__init__.py", line 1568, in error
    self._log(ERROR, msg, args, **kwargs)
  File "/usr/lib/python3.12/logging/__init__.py", line 1682, in _log
    record = self.makeRecord(self.name, level, fn, lno, msg, args,
             ^^^^^^^^^^^^^^^^^^^^^^^^^^^^^^^^^^^^^^^^^^^^^^^^^^^^^
  File "/usr/lib/python3.12/logging/__init__.py", line 1656, in makeRecord
    raise KeyError("Attempt to overwrite %r in LogRecord" % key)
KeyError: "Attempt to overwrite 'message' in LogRecord"
ERROR    src.api.app:app.py:205 Unhandled exception
  + Exception Group Traceback (most recent call last):
  |   File "/home/aakashr/.local/lib/python3.12/site-packages/starlette/_utils.py", line 81, in collapse_excgroups
  |     yield
  |   File "/home/aakashr/.local/lib/python3.12/site-packages/starlette/middleware/base.py", line 192, in __call__
  |     async with anyio.create_task_group() as task_group:
  |   File "/home/aakashr/.local/lib/python3.12/site-packages/anyio/_backends/_asyncio.py", line 799, in __aexit__
  |     raise BaseExceptionGroup(
  | ExceptionGroup: unhandled errors in a TaskGroup (1 sub-exception)
  +-+---------------- 1 ----------------
    | Traceback (most recent call last):
    |   File "/home/aakashr/.local/lib/python3.12/site-packages/starlette/middleware/errors.py", line 164, in __call__
    |     await self.app(scope, receive, _send)
    |   File "/home/aakashr/.local/lib/python3.12/site-packages/starlette/middleware/base.py", line 191, in __call__
    |     with recv_stream, send_stream, collapse_excgroups():
    |   File "/usr/lib/python3.12/contextlib.py", line 158, in __exit__
    |     self.gen.throw(value)
    |   File "/home/aakashr/.local/lib/python3.12/site-packages/starlette/_utils.py", line 87, in collapse_excgroups
    |     raise exc
    |   File "/home/aakashr/.local/lib/python3.12/site-packages/starlette/middleware/base.py", line 193, in __call__
    |     response = await self.dispatch_func(request, call_next)
    |                ^^^^^^^^^^^^^^^^^^^^^^^^^^^^^^^^^^^^^^^^^^^^
    |   File "/home/aakashr/Documents/github-aakash/MentalHealthDataScience/src/api/middleware.py", line 82, in dispatch
    |     response = await call_next(request)
    |                ^^^^^^^^^^^^^^^^^^^^^^^^
    |   File "/home/aakashr/.local/lib/python3.12/site-packages/starlette/middleware/base.py", line 168, in call_next
    |     raise app_exc from app_exc.__cause__ or app_exc.__context__
    |   File "/home/aakashr/.local/lib/python3.12/site-packages/starlette/middleware/base.py", line 144, in coro
    |     await self.app(scope, receive_or_disconnect, send_no_error)
    |   File "/home/aakashr/.local/lib/python3.12/site-packages/starlette/middleware/base.py", line 191, in __call__
    |     with recv_stream, send_stream, collapse_excgroups():
    |   File "/usr/lib/python3.12/contextlib.py", line 158, in __exit__
    |     self.gen.throw(value)
    |   File "/home/aakashr/.local/lib/python3.12/site-packages/starlette/_utils.py", line 87, in collapse_excgroups
    |     raise exc
    |   File "/home/aakashr/.local/lib/python3.12/site-packages/starlette/middleware/base.py", line 193, in __call__
    |     response = await self.dispatch_func(request, call_next)
    |                ^^^^^^^^^^^^^^^^^^^^^^^^^^^^^^^^^^^^^^^^^^^^
    |   File "/home/aakashr/Documents/github-aakash/MentalHealthDataScience/src/api/middleware.py", line 158, in dispatch
    |     response = await call_next(request)
    |                ^^^^^^^^^^^^^^^^^^^^^^^^
    |   File "/home/aakashr/.local/lib/python3.12/site-packages/starlette/middleware/base.py", line 168, in call_next
    |     raise app_exc from app_exc.__cause__ or app_exc.__context__
    |   File "/home/aakashr/.local/lib/python3.12/site-packages/starlette/middleware/base.py", line 144, in coro
    |     await self.app(scope, receive_or_disconnect, send_no_error)
    |   File "/home/aakashr/.local/lib/python3.12/site-packages/starlette/middleware/base.py", line 191, in __call__
    |     with recv_stream, send_stream, collapse_excgroups():
    |   File "/usr/lib/python3.12/contextlib.py", line 158, in __exit__
    |     self.gen.throw(value)
    |   File "/home/aakashr/.local/lib/python3.12/site-packages/starlette/_utils.py", line 87, in collapse_excgroups
    |     raise exc
    |   File "/home/aakashr/.local/lib/python3.12/site-packages/starlette/middleware/base.py", line 193, in __call__
    |     response = await self.dispatch_func(request, call_next)
    |                ^^^^^^^^^^^^^^^^^^^^^^^^^^^^^^^^^^^^^^^^^^^^
    |   File "/home/aakashr/Documents/github-aakash/MentalHealthDataScience/src/api/middleware.py", line 256, in dispatch
    |     return self._create_error_response(
    |            ^^^^^^^^^^^^^^^^^^^^^^^^^^^^
    |   File "/home/aakashr/Documents/github-aakash/MentalHealthDataScience/src/api/middleware.py", line 292, in _create_error_response
    |     logger.error(
    |   File "/usr/lib/python3.12/logging/__init__.py", line 1568, in error
    |     self._log(ERROR, msg, args, **kwargs)
    |   File "/usr/lib/python3.12/logging/__init__.py", line 1682, in _log
    |     record = self.makeRecord(self.name, level, fn, lno, msg, args,
    |              ^^^^^^^^^^^^^^^^^^^^^^^^^^^^^^^^^^^^^^^^^^^^^^^^^^^^^
    |   File "/usr/lib/python3.12/logging/__init__.py", line 1656, in makeRecord
    |     raise KeyError("Attempt to overwrite %r in LogRecord" % key)
    | KeyError: "Attempt to overwrite 'message' in LogRecord"
    +------------------------------------

The above exception was the direct cause of the following exception:

Traceback (most recent call last):
  File "/home/aakashr/.local/lib/python3.12/site-packages/starlette/middleware/errors.py", line 164, in __call__
    await self.app(scope, receive, _send)
  File "/home/aakashr/.local/lib/python3.12/site-packages/starlette/middleware/base.py", line 191, in __call__
    with recv_stream, send_stream, collapse_excgroups():
  File "/usr/lib/python3.12/contextlib.py", line 158, in __exit__
    self.gen.throw(value)
  File "/home/aakashr/.local/lib/python3.12/site-packages/starlette/_utils.py", line 87, in collapse_excgroups
    raise exc
  File "/home/aakashr/.local/lib/python3.12/site-packages/starlette/middleware/base.py", line 193, in __call__
    response = await self.dispatch_func(request, call_next)
               ^^^^^^^^^^^^^^^^^^^^^^^^^^^^^^^^^^^^^^^^^^^^
  File "/home/aakashr/Documents/github-aakash/MentalHealthDataScience/src/api/middleware.py", line 82, in dispatch
    response = await call_next(request)
               ^^^^^^^^^^^^^^^^^^^^^^^^
  File "/home/aakashr/.local/lib/python3.12/site-packages/starlette/middleware/base.py", line 168, in call_next
    raise app_exc from app_exc.__cause__ or app_exc.__context__
  File "/home/aakashr/.local/lib/python3.12/site-packages/starlette/middleware/base.py", line 144, in coro
    await self.app(scope, receive_or_disconnect, send_no_error)
  File "/home/aakashr/.local/lib/python3.12/site-packages/starlette/middleware/base.py", line 191, in __call__
    with recv_stream, send_stream, collapse_excgroups():
  File "/usr/lib/python3.12/contextlib.py", line 158, in __exit__
    self.gen.throw(value)
  File "/home/aakashr/.local/lib/python3.12/site-packages/starlette/_utils.py", line 87, in collapse_excgroups
    raise exc
  File "/home/aakashr/.local/lib/python3.12/site-packages/starlette/middleware/base.py", line 193, in __call__
    response = await self.dispatch_func(request, call_next)
               ^^^^^^^^^^^^^^^^^^^^^^^^^^^^^^^^^^^^^^^^^^^^
  File "/home/aakashr/Documents/github-aakash/MentalHealthDataScience/src/api/middleware.py", line 158, in dispatch
    response = await call_next(request)
               ^^^^^^^^^^^^^^^^^^^^^^^^
  File "/home/aakashr/.local/lib/python3.12/site-packages/starlette/middleware/base.py", line 168, in call_next
    raise app_exc from app_exc.__cause__ or app_exc.__context__
  File "/home/aakashr/.local/lib/python3.12/site-packages/starlette/middleware/base.py", line 144, in coro
    await self.app(scope, receive_or_disconnect, send_no_error)
  File "/home/aakashr/.local/lib/python3.12/site-packages/starlette/middleware/base.py", line 191, in __call__
    with recv_stream, send_stream, collapse_excgroups():
  File "/usr/lib/python3.12/contextlib.py", line 158, in __exit__
    self.gen.throw(value)
  File "/home/aakashr/.local/lib/python3.12/site-packages/starlette/_utils.py", line 87, in collapse_excgroups
    raise exc
  File "/home/aakashr/.local/lib/python3.12/site-packages/starlette/middleware/base.py", line 193, in __call__
    response = await self.dispatch_func(request, call_next)
               ^^^^^^^^^^^^^^^^^^^^^^^^^^^^^^^^^^^^^^^^^^^^
  File "/home/aakashr/Documents/github-aakash/MentalHealthDataScience/src/api/middleware.py", line 256, in dispatch
    return self._create_error_response(
           ^^^^^^^^^^^^^^^^^^^^^^^^^^^^
  File "/home/aakashr/Documents/github-aakash/MentalHealthDataScience/src/api/middleware.py", line 292, in _create_error_response
    logger.error(
  File "/usr/lib/python3.12/logging/__init__.py", line 1568, in error
    self._log(ERROR, msg, args, **kwargs)
  File "/usr/lib/python3.12/logging/__init__.py", line 1682, in _log
    record = self.makeRecord(self.name, level, fn, lno, msg, args,
             ^^^^^^^^^^^^^^^^^^^^^^^^^^^^^^^^^^^^^^^^^^^^^^^^^^^^^
  File "/usr/lib/python3.12/logging/__init__.py", line 1656, in makeRecord
    raise KeyError("Attempt to overwrite %r in LogRecord" % key)
KeyError: "Attempt to overwrite 'message' in LogRecord"
/usr/lib/python3.12/json/encoder.py:180: TypeError: Object of type datetime is not JSON serializable
=============================== warnings summary ===============================
src/api/models.py:17
  /home/aakashr/Documents/github-aakash/MentalHealthDataScience/src/api/models.py:17: PydanticDeprecatedSince20: Support for class-based `config` is deprecated, use ConfigDict instead. Deprecated in Pydantic V2.0 to be removed in V3.0. See Pydantic V2 Migration Guide at https://errors.pydantic.dev/2.13/migration/
    class ScreeningRequest(BaseModel):

src/api/models.py:84
  /home/aakashr/Documents/github-aakash/MentalHealthDataScience/src/api/models.py:84: PydanticDeprecatedSince20: Support for class-based `config` is deprecated, use ConfigDict instead. Deprecated in Pydantic V2.0 to be removed in V3.0. See Pydantic V2 Migration Guide at https://errors.pydantic.dev/2.13/migration/
    class RiskScore(BaseModel):

src/api/models.py:132
  /home/aakashr/Documents/github-aakash/MentalHealthDataScience/src/api/models.py:132: PydanticDeprecatedSince20: Support for class-based `config` is deprecated, use ConfigDict instead. Deprecated in Pydantic V2.0 to be removed in V3.0. See Pydantic V2 Migration Guide at https://errors.pydantic.dev/2.13/migration/
    class ExplanationSummary(BaseModel):

src/api/models.py:166
  /home/aakashr/Documents/github-aakash/MentalHealthDataScience/src/api/models.py:166: PydanticDeprecatedSince20: Support for class-based `config` is deprecated, use ConfigDict instead. Deprecated in Pydantic V2.0 to be removed in V3.0. See Pydantic V2 Migration Guide at https://errors.pydantic.dev/2.13/migration/
    class ResourceRecommendation(BaseModel):

src/api/models.py:206
  /home/aakashr/Documents/github-aakash/MentalHealthDataScience/src/api/models.py:206: PydanticDeprecatedSince20: Support for class-based `config` is deprecated, use ConfigDict instead. Deprecated in Pydantic V2.0 to be removed in V3.0. See Pydantic V2 Migration Guide at https://errors.pydantic.dev/2.13/migration/
    class ScreeningResponse(BaseModel):

src/api/models.py:262
  /home/aakashr/Documents/github-aakash/MentalHealthDataScience/src/api/models.py:262: PydanticDeprecatedSince20: Support for class-based `config` is deprecated, use ConfigDict instead. Deprecated in Pydantic V2.0 to be removed in V3.0. See Pydantic V2 Migration Guide at https://errors.pydantic.dev/2.13/migration/
    class RiskScoreResponse(BaseModel):

src/api/models.py:289
  /home/aakashr/Documents/github-aakash/MentalHealthDataScience/src/api/models.py:289: PydanticDeprecatedSince20: Support for class-based `config` is deprecated, use ConfigDict instead. Deprecated in Pydantic V2.0 to be removed in V3.0. See Pydantic V2 Migration Guide at https://errors.pydantic.dev/2.13/migration/
    class ExplanationRequest(BaseModel):

src/api/models.py:311
  /home/aakashr/Documents/github-aakash/MentalHealthDataScience/src/api/models.py:311: PydanticDeprecatedSince20: Support for class-based `config` is deprecated, use ConfigDict instead. Deprecated in Pydantic V2.0 to be removed in V3.0. See Pydantic V2 Migration Guide at https://errors.pydantic.dev/2.13/migration/
    class ExplanationResponse(BaseModel):

src/api/models.py:348
  /home/aakashr/Documents/github-aakash/MentalHealthDataScience/src/api/models.py:348: PydanticDeprecatedSince20: Support for class-based `config` is deprecated, use ConfigDict instead. Deprecated in Pydantic V2.0 to be removed in V3.0. See Pydantic V2 Migration Guide at https://errors.pydantic.dev/2.13/migration/
    class ErrorResponse(BaseModel):

src/api/models.py:381
  /home/aakashr/Documents/github-aakash/MentalHealthDataScience/src/api/models.py:381: PydanticDeprecatedSince20: Support for class-based `config` is deprecated, use ConfigDict instead. Deprecated in Pydantic V2.0 to be removed in V3.0. See Pydantic V2 Migration Guide at https://errors.pydantic.dev/2.13/migration/
    class BatchScreeningRequest(BaseModel):

src/api/models.py:409
  /home/aakashr/Documents/github-aakash/MentalHealthDataScience/src/api/models.py:409: PydanticDeprecatedSince20: Support for class-based `config` is deprecated, use ConfigDict instead. Deprecated in Pydantic V2.0 to be removed in V3.0. See Pydantic V2 Migration Guide at https://errors.pydantic.dev/2.13/migration/
    class BatchScreeningResponse(BaseModel):

../../../.local/lib/python3.12/site-packages/passlib/utils/__init__.py:854
  /home/aakashr/.local/lib/python3.12/site-packages/passlib/utils/__init__.py:854: DeprecationWarning: 'crypt' is deprecated and slated for removal in Python 3.13
    from crypt import crypt as _crypt

src/api/endpoints.py:115
  /home/aakashr/Documents/github-aakash/MentalHealthDataScience/src/api/endpoints.py:115: DeprecationWarning: 
          on_event is deprecated, use lifespan event handlers instead.
  
          Read more about it in the
          [FastAPI docs for Lifespan Events](https://fastapi.tiangolo.com/advanced/events/).
          
    @app.on_event("startup")

../../../.local/lib/python3.12/site-packages/fastapi/applications.py:4598
  /home/aakashr/.local/lib/python3.12/site-packages/fastapi/applications.py:4598: DeprecationWarning: 
          on_event is deprecated, use lifespan event handlers instead.
  
          Read more about it in the
          [FastAPI docs for Lifespan Events](https://fastapi.tiangolo.com/advanced/events/).
          
    return self.router.on_event(event_type)  # ty: ignore[deprecated]

src/api/ds_models.py:12
  /home/aakashr/Documents/github-aakash/MentalHealthDataScience/src/api/ds_models.py:12: PydanticDeprecatedSince20: Support for class-based `config` is deprecated, use ConfigDict instead. Deprecated in Pydantic V2.0 to be removed in V3.0. See Pydantic V2 Migration Guide at https://errors.pydantic.dev/2.13/migration/
    class ExperimentCreate(BaseModel):

src/api/ds_models.py:39
  /home/aakashr/Documents/github-aakash/MentalHealthDataScience/src/api/ds_models.py:39: PydanticDeprecatedSince20: Support for class-based `config` is deprecated, use ConfigDict instead. Deprecated in Pydantic V2.0 to be removed in V3.0. See Pydantic V2 Migration Guide at https://errors.pydantic.dev/2.13/migration/
    class ExperimentResponse(BaseModel):

src/api/ds_models.py:59
  /home/aakashr/Documents/github-aakash/MentalHealthDataScience/src/api/ds_models.py:59: PydanticDeprecatedSince20: Support for class-based `config` is deprecated, use ConfigDict instead. Deprecated in Pydantic V2.0 to be removed in V3.0. See Pydantic V2 Migration Guide at https://errors.pydantic.dev/2.13/migration/
    class RunCreate(BaseModel):

src/api/ds_models.py:79
  /home/aakashr/Documents/github-aakash/MentalHealthDataScience/src/api/ds_models.py:79: PydanticDeprecatedSince20: Support for class-based `config` is deprecated, use ConfigDict instead. Deprecated in Pydantic V2.0 to be removed in V3.0. See Pydantic V2 Migration Guide at https://errors.pydantic.dev/2.13/migration/
    class RunResponse(BaseModel):

src/api/ds_models.py:107
  /home/aakashr/Documents/github-aakash/MentalHealthDataScience/src/api/ds_models.py:107: PydanticDeprecatedSince20: Support for class-based `config` is deprecated, use ConfigDict instead. Deprecated in Pydantic V2.0 to be removed in V3.0. See Pydantic V2 Migration Guide at https://errors.pydantic.dev/2.13/migration/
    class MetricLog(BaseModel):

src/api/ds_models.py:127
  /home/aakashr/Documents/github-aakash/MentalHealthDataScience/src/api/ds_models.py:127: PydanticDeprecatedSince20: Support for class-based `config` is deprecated, use ConfigDict instead. Deprecated in Pydantic V2.0 to be removed in V3.0. See Pydantic V2 Migration Guide at https://errors.pydantic.dev/2.13/migration/
    class ParamLog(BaseModel):

src/api/ds_models.py:146
  /home/aakashr/Documents/github-aakash/MentalHealthDataScience/src/api/ds_models.py:146: PydanticDeprecatedSince20: Support for class-based `config` is deprecated, use ConfigDict instead. Deprecated in Pydantic V2.0 to be removed in V3.0. See Pydantic V2 Migration Guide at https://errors.pydantic.dev/2.13/migration/
    class ArtifactLog(BaseModel):

src/api/ds_models.py:171
  /home/aakashr/Documents/github-aakash/MentalHealthDataScience/src/api/ds_models.py:171: PydanticDeprecatedSince20: Support for class-based `config` is deprecated, use ConfigDict instead. Deprecated in Pydantic V2.0 to be removed in V3.0. See Pydantic V2 Migration Guide at https://errors.pydantic.dev/2.13/migration/
    class RunSearchRequest(BaseModel):

src/api/ds_models.py:203
  /home/aakashr/Documents/github-aakash/MentalHealthDataScience/src/api/ds_models.py:203: PydanticDeprecatedSince20: Support for class-based `config` is deprecated, use ConfigDict instead. Deprecated in Pydantic V2.0 to be removed in V3.0. See Pydantic V2 Migration Guide at https://errors.pydantic.dev/2.13/migration/
    class RunCompareRequest(BaseModel):

src/api/ds_models.py:229
  /home/aakashr/Documents/github-aakash/MentalHealthDataScience/src/api/ds_models.py:229: PydanticDeprecatedSince20: Support for class-based `config` is deprecated, use ConfigDict instead. Deprecated in Pydantic V2.0 to be removed in V3.0. See Pydantic V2 Migration Guide at https://errors.pydantic.dev/2.13/migration/
    class DatasetRegister(BaseModel):

src/api/ds_models.py:264
  /home/aakashr/Documents/github-aakash/MentalHealthDataScience/src/api/ds_models.py:264: PydanticDeprecatedSince20: Support for class-based `config` is deprecated, use ConfigDict instead. Deprecated in Pydantic V2.0 to be removed in V3.0. See Pydantic V2 Migration Guide at https://errors.pydantic.dev/2.13/migration/
    class DatasetVersionResponse(BaseModel):

src/api/ds_models.py:264
  /home/aakashr/Documents/github-aakash/MentalHealthDataScience/src/api/ds_models.py:264: UserWarning: Field name "schema" in "DatasetVersionResponse" shadows an attribute in parent "BaseModel"
    class DatasetVersionResponse(BaseModel):

src/api/ds_models.py:290
  /home/aakashr/Documents/github-aakash/MentalHealthDataScience/src/api/ds_models.py:290: PydanticDeprecatedSince20: Support for class-based `config` is deprecated, use ConfigDict instead. Deprecated in Pydantic V2.0 to be removed in V3.0. See Pydantic V2 Migration Guide at https://errors.pydantic.dev/2.13/migration/
    class DriftCheckRequest(BaseModel):

src/api/ds_models.py:310
  /home/aakashr/Documents/github-aakash/MentalHealthDataScience/src/api/ds_models.py:310: PydanticDeprecatedSince20: Support for class-based `config` is deprecated, use ConfigDict instead. Deprecated in Pydantic V2.0 to be removed in V3.0. See Pydantic V2 Migration Guide at https://errors.pydantic.dev/2.13/migration/
    class DriftReportResponse(BaseModel):

src/api/ds_models.py:334
  /home/aakashr/Documents/github-aakash/MentalHealthDataScience/src/api/ds_models.py:334: PydanticDeprecatedSince20: Support for class-based `config` is deprecated, use ConfigDict instead. Deprecated in Pydantic V2.0 to be removed in V3.0. See Pydantic V2 Migration Guide at https://errors.pydantic.dev/2.13/migration/
    class FeatureRegister(BaseModel):

src/api/ds_models.py:381
  /home/aakashr/Documents/github-aakash/MentalHealthDataScience/src/api/ds_models.py:381: PydanticDeprecatedSince20: Support for class-based `config` is deprecated, use ConfigDict instead. Deprecated in Pydantic V2.0 to be removed in V3.0. See Pydantic V2 Migration Guide at https://errors.pydantic.dev/2.13/migration/
    class FeatureResponse(BaseModel):

src/api/ds_models.py:403
  /home/aakashr/Documents/github-aakash/MentalHealthDataScience/src/api/ds_models.py:403: PydanticDeprecatedSince20: Support for class-based `config` is deprecated, use ConfigDict instead. Deprecated in Pydantic V2.0 to be removed in V3.0. See Pydantic V2 Migration Guide at https://errors.pydantic.dev/2.13/migration/
    class FeatureComputeRequest(BaseModel):

src/api/ds_models.py:427
  /home/aakashr/Documents/github-aakash/MentalHealthDataScience/src/api/ds_models.py:427: PydanticDeprecatedSince20: Support for class-based `config` is deprecated, use ConfigDict instead. Deprecated in Pydantic V2.0 to be removed in V3.0. See Pydantic V2 Migration Guide at https://errors.pydantic.dev/2.13/migration/
    class FeatureServeRequest(BaseModel):

src/api/ds_models.py:451
  /home/aakashr/Documents/github-aakash/MentalHealthDataScience/src/api/ds_models.py:451: PydanticDeprecatedSince20: Support for class-based `config` is deprecated, use ConfigDict instead. Deprecated in Pydantic V2.0 to be removed in V3.0. See Pydantic V2 Migration Guide at https://errors.pydantic.dev/2.13/migration/
    class EDAAnalyzeRequest(BaseModel):

src/api/ds_models.py:479
  /home/aakashr/Documents/github-aakash/MentalHealthDataScience/src/api/ds_models.py:479: PydanticDeprecatedSince20: Support for class-based `config` is deprecated, use ConfigDict instead. Deprecated in Pydantic V2.0 to be removed in V3.0. See Pydantic V2 Migration Guide at https://errors.pydantic.dev/2.13/migration/
    class EDAReportResponse(BaseModel):

src/api/ds_models.py:507
  /home/aakashr/Documents/github-aakash/MentalHealthDataScience/src/api/ds_models.py:507: PydanticDeprecatedSince20: Support for class-based `config` is deprecated, use ConfigDict instead. Deprecated in Pydantic V2.0 to be removed in V3.0. See Pydantic V2 Migration Guide at https://errors.pydantic.dev/2.13/migration/
    class ModelCardGenerateRequest(BaseModel):

src/api/ds_models.py:532
  /home/aakashr/Documents/github-aakash/MentalHealthDataScience/src/api/ds_models.py:532: PydanticDeprecatedSince20: Support for class-based `config` is deprecated, use ConfigDict instead. Deprecated in Pydantic V2.0 to be removed in V3.0. See Pydantic V2 Migration Guide at https://errors.pydantic.dev/2.13/migration/
    class ModelCardResponse(BaseModel):

src/ds/data_versioning.py:21
  /home/aakashr/Documents/github-aakash/MentalHealthDataScience/src/ds/data_versioning.py:21: UserWarning: Field name "schema" in "DatasetVersion" shadows an attribute in parent "BaseModel"
    class DatasetVersion(BaseModel):

tests/test_api_endpoints.py::TestScreen::test_screen_missing_consent
  /home/aakashr/Documents/github-aakash/MentalHealthDataScience/src/integration.py:174: DeprecationWarning: datetime.datetime.utcnow() is deprecated and scheduled for removal in a future version. Use timezone-aware objects to represent datetimes in UTC: datetime.datetime.now(datetime.UTC).
    "timestamp": datetime.utcnow().isoformat(),

tests/test_api_endpoints.py::TestScreen::test_screen_missing_consent
tests/test_api_endpoints.py::TestScreen::test_screen_missing_consent
tests/test_api_endpoints.py::TestScreen::test_screen_missing_consent
  /home/aakashr/.local/lib/python3.12/site-packages/pydantic/main.py:263: DeprecationWarning: datetime.datetime.utcnow() is deprecated and scheduled for removal in a future version. Use timezone-aware objects to represent datetimes in UTC: datetime.datetime.now(datetime.UTC).
    validated_self = self.__pydantic_validator__.validate_python(data, self_instance=self)

-- Docs: https://docs.pytest.org/en/stable/how-to/capture-warnings.html
=========================== short test summary info ============================
FAILED tests/test_api_endpoints.py::TestScreen::test_screen_missing_consent
======================== 1 failed, 41 warnings in 0.29s ========================
